{"level":"info","message":"Doctor Service connected to MongoDB","service":"doctor-service","timestamp":"2026-03-21T20:02:50.443Z"}
{"code":"ECONNREFUSED","level":"error","message":"Redis connection error:","service":"doctor-service","stack":"AggregateError [ECONNREFUSED]: \n    at internalConnectMultiple (node:net:1193:18)\n    at afterConnectMultiple (node:net:1783:7)","timestamp":"2026-03-21T20:02:50.452Z"}
{"code":"ECONNREFUSED","level":"error","message":"Redis connection error:","service":"doctor-service","stack":"AggregateError [ECONNREFUSED]: \n    at internalConnectMultiple (node:net:1193:18)\n    at afterConnectMultiple (node:net:1783:7)","timestamp":"2026-03-21T20:02:50.508Z"}
{"code":"ECONNREFUSED","level":"error","message":"Redis connection error:","service":"doctor-service","stack":"AggregateError [ECONNREFUSED]: \n    at internalConnectMultiple (node:net:1193:18)\n    at afterConnectMultiple (node:net:1783:7)","timestamp":"2026-03-21T20:02:50.615Z"}
{"code":"ECONNREFUSED","level":"error","message":"Redis connection error:","service":"doctor-service","stack":"AggregateError [ECONNREFUSED]: \n    at internalConnectMultiple (node:net:1193:18)\n    at afterConnectMultiple (node:net:1783:7)","timestamp":"2026-03-21T20:02:50.771Z"}
{"code":"ECONNREFUSED","level":"error","message":"Redis connection error:","service":"doctor-service","stack":"AggregateError [ECONNREFUSED]: \n    at internalConnectMultiple (node:net:1193:18)\n    at afterConnectMultiple (node:net:1783:7)","timestamp":"2026-03-21T20:02:50.974Z"}
{"code":"ECONNREFUSED","level":"error","message":"Redis connection error:","service":"doctor-service","stack":"AggregateError [ECONNREFUSED]: \n    at internalConnectMultiple (node:net:1193:18)\n    at afterConnectMultiple (node:net:1783:7)","timestamp":"2026-03-21T20:02:51.239Z"}
{"code":"ECONNREFUSED","level":"error","message":"Redis connection error:","service":"doctor-service","stack":"AggregateError [ECONNREFUSED]: \n    at internalConnectMultiple (node:net:1193:18)\n    at afterConnectMultiple (node:net:1783:7)","timestamp":"2026-03-21T20:02:51.551Z"}
{"code":"ECONNREFUSED","level":"error","message":"Redis connection error:","service":"doctor-service","stack":"AggregateError [ECONNREFUSED]: \n    at internalConnectMultiple (node:net:1193:18)\n    at afterConnectMultiple (node:net:1783:7)","timestamp":"2026-03-21T20:02:51.907Z"}
{"code":"ECONNREFUSED","level":"error","message":"Redis connection error:","service":"doctor-service","stack":"AggregateError [ECONNREFUSED]: \n    at internalConnectMultiple (node:net:1193:18)\n    at afterConnectMultiple (node:net:1783:7)","timestamp":"2026-03-21T20:02:52.323Z"}
{"code":"ECONNREFUSED","level":"error","message":"Redis connection error:","service":"doctor-service","stack":"AggregateError [ECONNREFUSED]: \n    at internalConnectMultiple (node:net:1193:18)\n    at afterConnectMultiple (node:net:1783:7)","timestamp":"2026-03-21T20:02:52.776Z"}
{"code":"ECONNREFUSED","level":"error","message":"Redis connection error:","service":"doctor-service","stack":"AggregateError [ECONNREFUSED]: \n    at internalConnectMultiple (node:net:1193:18)\n    at afterConnectMultiple (node:net:1783:7)","timestamp":"2026-03-21T20:02:53.291Z"}
{"code":"ECONNREFUSED","level":"error","message":"Redis connection error:","service":"doctor-service","stack":"AggregateError [ECONNREFUSED]: \n    at internalConnectMultiple (node:net:1193:18)\n    at afterConnectMultiple (node:net:1783:7)","timestamp":"2026-03-21T20:02:53.851Z"}
{"code":"ECONNREFUSED","level":"error","message":"Redis connection error:","service":"doctor-service","stack":"AggregateError [ECONNREFUSED]: \n    at internalConnectMultiple (node:net:1193:18)\n    at afterConnectMultiple (node:net:1783:7)","timestamp":"2026-03-21T20:02:54.457Z"}
{"code":"ECONNREFUSED","level":"error","message":"Redis connection error:","service":"doctor-service","stack":"AggregateError [ECONNREFUSED]: \n    at internalConnectMultiple (node:net:1193:18)\n    at afterConnectMultiple (node:net:1783:7)","timestamp":"2026-03-21T20:02:55.116Z"}
{"code":"ECONNREFUSED","level":"error","message":"Redis connection error:","service":"doctor-service","stack":"AggregateError [ECONNREFUSED]: \n    at internalConnectMultiple (node:net:1193:18)\n    at afterConnectMultiple (node:net:1783:7)","timestamp":"2026-03-21T20:02:55.829Z"}
{"code":"ECONNREFUSED","level":"error","message":"Redis connection error:","service":"doctor-service","stack":"AggregateError [ECONNREFUSED]: \n    at internalConnectMultiple (node:net:1193:18)\n    at afterConnectMultiple (node:net:1783:7)","timestamp":"2026-03-21T20:02:56.590Z"}
{"code":"ECONNREFUSED","level":"error","message":"Redis connection error:","service":"doctor-service","stack":"AggregateError [ECONNREFUSED]: \n    at internalConnectMultiple (node:net:1193:18)\n    at afterConnectMultiple (node:net:1783:7)","timestamp":"2026-03-21T20:02:57.401Z"}
{"code":"ECONNREFUSED","level":"error","message":"Redis connection error:","service":"doctor-service","stack":"AggregateError [ECONNREFUSED]: \n    at internalConnectMultiple (node:net:1193:18)\n    at afterConnectMultiple (node:net:1783:7)","timestamp":"2026-03-21T20:02:58.258Z"}
{"code":"ECONNREFUSED","level":"error","message":"Redis connection error:","service":"doctor-service","stack":"AggregateError [ECONNREFUSED]: \n    at internalConnectMultiple (node:net:1193:18)\n    at afterConnectMultiple (node:net:1783:7)","timestamp":"2026-03-21T20:02:59.162Z"}
{"code":"ECONNREFUSED","level":"error","message":"Redis connection error:","service":"doctor-service","stack":"AggregateError [ECONNREFUSED]: \n    at internalConnectMultiple (node:net:1193:18)\n    at afterConnectMultiple (node:net:1783:7)","timestamp":"2026-03-21T20:03:00.122Z"}
{"code":"ECONNREFUSED","level":"error","message":"Redis connection error:","service":"doctor-service","stack":"AggregateError [ECONNREFUSED]: \n    at internalConnectMultiple (node:net:1193:18)\n    at afterConnectMultiple (node:net:1783:7)","timestamp":"2026-03-21T20:03:01.136Z"}
{"level":"error","message":"Redis connection failed: Reached the max retries per request limit (which is 20). Refer to \"maxRetriesPerRequest\" option for details.","service":"doctor-service","stack":"MaxRetriesPerRequestError: Reached the max retries per request limit (which is 20). Refer to \"maxRetriesPerRequest\" option for details.\n    at Socket.<anonymous> (C:\\Users\\Soumik Mandal\\OneDrive\\Desktop\\Doctor Patient Mgmt\\services\\doctor-service\\node_modules\\ioredis\\built\\redis\\event_handler.js:207:37)\n    at Object.onceWrapper (node:events:623:12)\n    at Socket.emit (node:events:508:20)\n    at TCP.<anonymous> (node:net:347:12)","timestamp":"2026-03-21T20:03:01.137Z"}
{"code":"ECONNREFUSED","level":"error","message":"RabbitMQ connection error:","service":"doctor-service","stack":"AggregateError [ECONNREFUSED]: \n    at internalConnectMultiple (node:net:1193:18)\n    at afterConnectMultiple (node:net:1783:7)","timestamp":"2026-03-21T20:03:01.141Z"}
{"level":"info","message":"Doctor Service running on port 3002","service":"doctor-service","timestamp":"2026-03-21T20:03:01.143Z"}
{"code":"ECONNREFUSED","level":"error","message":"Redis connection error:","service":"doctor-service","stack":"AggregateError [ECONNREFUSED]: \n    at internalConnectMultiple (node:net:1193:18)\n    at afterConnectMultiple (node:net:1783:7)","timestamp":"2026-03-21T20:03:02.196Z"}
{"code":"ECONNREFUSED","level":"error","message":"Redis connection error:","service":"doctor-service","stack":"AggregateError [ECONNREFUSED]: \n    at internalConnectMultiple (node:net:1193:18)\n    at afterConnectMultiple (node:net:1783:7)","timestamp":"2026-03-21T20:03:03.305Z"}
{"code":"ECONNREFUSED","level":"error","message":"Redis connection error:","service":"doctor-service","stack":"AggregateError [ECONNREFUSED]: \n    at internalConnectMultiple (node:net:1193:18)\n    at afterConnectMultiple (node:net:1783:7)","timestamp":"2026-03-21T20:03:04.459Z"}
{"code":"ECONNREFUSED","level":"error","message":"Redis connection error:","service":"doctor-service","stack":"AggregateError [ECONNREFUSED]: \n    at internalConnectMultiple (node:net:1193:18)\n    at afterConnectMultiple (node:net:1783:7)","timestamp":"2026-03-21T20:03:05.663Z"}
{"code":"ECONNREFUSED","level":"error","message":"Redis connection error:","service":"doctor-service","stack":"AggregateError [ECONNREFUSED]: \n    at internalConnectMultiple (node:net:1193:18)\n    at afterConnectMultiple (node:net:1783:7)","timestamp":"2026-03-21T20:03:06.915Z"}
{"code":"ECONNREFUSED","level":"error","message":"Redis connection error:","service":"doctor-service","stack":"AggregateError [ECONNREFUSED]: \n    at internalConnectMultiple (node:net:1193:18)\n    at afterConnectMultiple (node:net:1783:7)","timestamp":"2026-03-21T20:03:08.224Z"}
{"code":"ECONNREFUSED","level":"error","message":"Redis connection error:","service":"doctor-service","stack":"AggregateError [ECONNREFUSED]: \n    at internalConnectMultiple (node:net:1193:18)\n    at afterConnectMultiple (node:net:1783:7)","timestamp":"2026-03-21T20:03:09.588Z"}
{"code":"ECONNREFUSED","level":"error","message":"Redis connection error:","service":"doctor-service","stack":"AggregateError [ECONNREFUSED]: \n    at internalConnectMultiple (node:net:1193:18)\n    at afterConnectMultiple (node:net:1783:7)","timestamp":"2026-03-21T20:03:11.005Z"}
{"code":"ECONNREFUSED","level":"error","message":"Redis connection error:","service":"doctor-service","stack":"AggregateError [ECONNREFUSED]: \n    at internalConnectMultiple (node:net:1193:18)\n    at afterConnectMultiple (node:net:1783:7)","timestamp":"2026-03-21T20:03:12.458Z"}
{"code":"ECONNREFUSED","level":"error","message":"Redis connection error:","service":"doctor-service","stack":"AggregateError [ECONNREFUSED]: \n    at internalConnectMultiple (node:net:1193:18)\n    at afterConnectMultiple (node:net:1783:7)","timestamp":"2026-03-21T20:03:13.962Z"}
{"code":"ECONNREFUSED","level":"error","message":"Redis connection error:","service":"doctor-service","stack":"AggregateError [ECONNREFUSED]: \n    at internalConnectMultiple (node:net:1193:18)\n    at afterConnectMultiple (node:net:1783:7)","timestamp":"2026-03-21T20:03:15.515Z"}
{"code":"ECONNREFUSED","level":"error","message":"Redis connection error:","service":"doctor-service","stack":"AggregateError [ECONNREFUSED]: \n    at internalConnectMultiple (node:net:1193:18)\n    at afterConnectMultiple (node:net:1783:7)","timestamp":"2026-03-21T20:03:17.131Z"}
{"code":"ECONNREFUSED","level":"error","message":"Redis connection error:","service":"doctor-service","stack":"AggregateError [ECONNREFUSED]: \n    at internalConnectMultiple (node:net:1193:18)\n    at afterConnectMultiple (node:net:1783:7)","timestamp":"2026-03-21T20:03:18.795Z"}
{"code":"ECONNREFUSED","level":"error","message":"Redis connection error:","service":"doctor-service","stack":"AggregateError [ECONNREFUSED]: \n    at internalConnectMultiple (node:net:1193:18)\n    at afterConnectMultiple (node:net:1783:7)","timestamp":"2026-03-21T20:03:20.508Z"}
{"code":"ECONNREFUSED","level":"error","message":"Redis connection error:","service":"doctor-service","stack":"AggregateError [ECONNREFUSED]: \n    at internalConnectMultiple (node:net:1193:18)\n    at afterConnectMultiple (node:net:1783:7)","timestamp":"2026-03-21T20:03:22.268Z"}
{"code":"ECONNREFUSED","level":"error","message":"Redis connection error:","service":"doctor-service","stack":"AggregateError [ECONNREFUSED]: \n    at internalConnectMultiple (node:net:1193:18)\n    at afterConnectMultiple (node:net:1783:7)","timestamp":"2026-03-21T20:03:24.081Z"}
{"code":"ECONNREFUSED","level":"error","message":"Redis connection error:","service":"doctor-service","stack":"AggregateError [ECONNREFUSED]: \n    at internalConnectMultiple (node:net:1193:18)\n    at afterConnectMultiple (node:net:1783:7)","timestamp":"2026-03-21T20:03:25.944Z"}
{"code":"ECONNREFUSED","level":"error","message":"Redis connection error:","service":"doctor-service","stack":"AggregateError [ECONNREFUSED]: \n    at internalConnectMultiple (node:net:1193:18)\n    at afterConnectMultiple (node:net:1783:7)","timestamp":"2026-03-21T20:03:27.855Z"}
{"code":"ECONNREFUSED","level":"error","message":"Redis connection error:","service":"doctor-service","stack":"AggregateError [ECONNREFUSED]: \n    at internalConnectMultiple (node:net:1193:18)\n    at afterConnectMultiple (node:net:1783:7)","timestamp":"2026-03-21T20:03:29.820Z"}
{"code":"ECONNREFUSED","level":"error","message":"Redis connection error:","service":"doctor-service","stack":"AggregateError [ECONNREFUSED]: \n    at internalConnectMultiple (node:net:1193:18)\n    at afterConnectMultiple (node:net:1783:7)","timestamp":"2026-03-21T20:03:31.835Z"}
{"code":"ECONNREFUSED","level":"error","message":"Redis connection error:","service":"doctor-service","stack":"AggregateError [ECONNREFUSED]: \n    at internalConnectMultiple (node:net:1193:18)\n    at afterConnectMultiple (node:net:1783:7)","timestamp":"2026-03-21T20:03:33.848Z"}
{"code":"ECONNREFUSED","level":"error","message":"Redis connection error:","service":"doctor-service","stack":"AggregateError [ECONNREFUSED]: \n    at internalConnectMultiple (node:net:1193:18)\n    at afterConnectMultiple (node:net:1783:7)","timestamp":"2026-03-21T20:03:35.849Z"}
{"code":"ECONNREFUSED","level":"error","message":"Redis connection error:","service":"doctor-service","stack":"AggregateError [ECONNREFUSED]: \n    at internalConnectMultiple (node:net:1193:18)\n    at afterConnectMultiple (node:net:1783:7)","timestamp":"2026-03-21T20:03:37.858Z"}
{"code":"ECONNREFUSED","level":"error","message":"Redis connection error:","service":"doctor-service","stack":"AggregateError [ECONNREFUSED]: \n    at internalConnectMultiple (node:net:1193:18)\n    at afterConnectMultiple (node:net:1783:7)","timestamp":"2026-03-21T20:03:39.866Z"}
{"code":"ECONNREFUSED","level":"error","message":"Redis connection error:","service":"doctor-service","stack":"AggregateError [ECONNREFUSED]: \n    at internalConnectMultiple (node:net:1193:18)\n    at afterConnectMultiple (node:net:1783:7)","timestamp":"2026-03-21T20:03:41.881Z"}
{"code":"ECONNREFUSED","level":"error","message":"Redis connection error:","service":"doctor-service","stack":"AggregateError [ECONNREFUSED]: \n    at internalConnectMultiple (node:net:1193:18)\n    at afterConnectMultiple (node:net:1783:7)","timestamp":"2026-03-21T20:03:43.897Z"}
{"code":"ECONNREFUSED","level":"error","message":"Redis connection error:","service":"doctor-service","stack":"AggregateError [ECONNREFUSED]: \n    at internalConnectMultiple (node:net:1193:18)\n    at afterConnectMultiple (node:net:1783:7)","timestamp":"2026-03-21T20:03:45.901Z"}
{"code":"ECONNREFUSED","level":"error","message":"Redis connection error:","service":"doctor-service","stack":"AggregateError [ECONNREFUSED]: \n    at internalConnectMultiple (node:net:1193:18)\n    at afterConnectMultiple (node:net:1783:7)","timestamp":"2026-03-21T20:03:47.907Z"}
{"code":"ECONNREFUSED","level":"error","message":"Redis connection error:","service":"doctor-service","stack":"AggregateError [ECONNREFUSED]: \n    at internalConnectMultiple (node:net:1193:18)\n    at afterConnectMultiple (node:net:1783:7)","timestamp":"2026-03-21T20:03:49.909Z"}
{"code":"ECONNREFUSED","level":"error","message":"Redis connection error:","service":"doctor-service","stack":"AggregateError [ECONNREFUSED]: \n    at internalConnectMultiple (node:net:1193:18)\n    at afterConnectMultiple (node:net:1783:7)","timestamp":"2026-03-21T20:03:51.914Z"}
{"code":"ECONNREFUSED","level":"error","message":"Redis connection error:","service":"doctor-service","stack":"AggregateError [ECONNREFUSED]: \n    at internalConnectMultiple (node:net:1193:18)\n    at afterConnectMultiple (node:net:1783:7)","timestamp":"2026-03-21T20:03:53.919Z"}
{"code":"ECONNREFUSED","level":"error","message":"Redis connection error:","service":"doctor-service","stack":"AggregateError [ECONNREFUSED]: \n    at internalConnectMultiple (node:net:1193:18)\n    at afterConnectMultiple (node:net:1783:7)","timestamp":"2026-03-21T20:03:55.933Z"}
{"code":"ECONNREFUSED","level":"error","message":"Redis connection error:","service":"doctor-service","stack":"AggregateError [ECONNREFUSED]: \n    at internalConnectMultiple (node:net:1193:18)\n    at afterConnectMultiple (node:net:1783:7)","timestamp":"2026-03-21T20:03:57.951Z"}
{"code":"ECONNREFUSED","level":"error","message":"Redis connection error:","service":"doctor-service","stack":"AggregateError [ECONNREFUSED]: \n    at internalConnectMultiple (node:net:1193:18)\n    at afterConnectMultiple (node:net:1783:7)","timestamp":"2026-03-21T20:03:59.962Z"}
{"code":"ECONNREFUSED","level":"error","message":"Redis connection error:","service":"doctor-service","stack":"AggregateError [ECONNREFUSED]: \n    at internalConnectMultiple (node:net:1193:18)\n    at afterConnectMultiple (node:net:1783:7)","timestamp":"2026-03-21T20:04:01.978Z"}
{"code":"ECONNREFUSED","level":"error","message":"Redis connection error:","service":"doctor-service","stack":"AggregateError [ECONNREFUSED]: \n    at internalConnectMultiple (node:net:1193:18)\n    at afterConnectMultiple (node:net:1783:7)","timestamp":"2026-03-21T20:04:03.983Z"}
{"code":"ECONNREFUSED","level":"error","message":"Redis connection error:","service":"doctor-service","stack":"AggregateError [ECONNREFUSED]: \n    at internalConnectMultiple (node:net:1193:18)\n    at afterConnectMultiple (node:net:1783:7)","timestamp":"2026-03-21T20:04:05.995Z"}
{"code":"ECONNREFUSED","level":"error","message":"Redis connection error:","service":"doctor-service","stack":"AggregateError [ECONNREFUSED]: \n    at internalConnectMultiple (node:net:1193:18)\n    at afterConnectMultiple (node:net:1783:7)","timestamp":"2026-03-21T20:04:08.004Z"}
{"code":"ECONNREFUSED","level":"error","message":"Redis connection error:","service":"doctor-service","stack":"AggregateError [ECONNREFUSED]: \n    at internalConnectMultiple (node:net:1193:18)\n    at afterConnectMultiple (node:net:1783:7)","timestamp":"2026-03-21T20:04:10.011Z"}
{"code":"ECONNREFUSED","level":"error","message":"Redis connection error:","service":"doctor-service","stack":"AggregateError [ECONNREFUSED]: \n    at internalConnectMultiple (node:net:1193:18)\n    at afterConnectMultiple (node:net:1783:7)","timestamp":"2026-03-21T20:04:12.017Z"}
{"code":"ECONNREFUSED","level":"error","message":"Redis connection error:","service":"doctor-service","stack":"AggregateError [ECONNREFUSED]: \n    at internalConnectMultiple (node:net:1193:18)\n    at afterConnectMultiple (node:net:1783:7)","timestamp":"2026-03-21T20:04:14.032Z"}
{"code":"ECONNREFUSED","level":"error","message":"Redis connection error:","service":"doctor-service","stack":"AggregateError [ECONNREFUSED]: \n    at internalConnectMultiple (node:net:1193:18)\n    at afterConnectMultiple (node:net:1783:7)","timestamp":"2026-03-21T20:04:16.037Z"}
{"code":"ECONNREFUSED","level":"error","message":"Redis connection error:","service":"doctor-service","stack":"AggregateError [ECONNREFUSED]: \n    at internalConnectMultiple (node:net:1193:18)\n    at afterConnectMultiple (node:net:1783:7)","timestamp":"2026-03-21T20:04:18.045Z"}
{"code":"ECONNREFUSED","level":"error","message":"Redis connection error:","service":"doctor-service","stack":"AggregateError [ECONNREFUSED]: \n    at internalConnectMultiple (node:net:1193:18)\n    at afterConnectMultiple (node:net:1783:7)","timestamp":"2026-03-21T20:04:20.051Z"}
{"code":"ECONNREFUSED","level":"error","message":"Redis connection error:","service":"doctor-service","stack":"AggregateError [ECONNREFUSED]: \n    at internalConnectMultiple (node:net:1193:18)\n    at afterConnectMultiple (node:net:1783:7)","timestamp":"2026-03-21T20:04:22.067Z"}
{"code":"ECONNREFUSED","level":"error","message":"Redis connection error:","service":"doctor-service","stack":"AggregateError [ECONNREFUSED]: \n    at internalConnectMultiple (node:net:1193:18)\n    at afterConnectMultiple (node:net:1783:7)","timestamp":"2026-03-21T20:04:24.081Z"}
{"code":"ECONNREFUSED","level":"error","message":"Redis connection error:","service":"doctor-service","stack":"AggregateError [ECONNREFUSED]: \n    at internalConnectMultiple (node:net:1193:18)\n    at afterConnectMultiple (node:net:1783:7)","timestamp":"2026-03-21T20:04:26.083Z"}
{"code":"ECONNREFUSED","level":"error","message":"Redis connection error:","service":"doctor-service","stack":"AggregateError [ECONNREFUSED]: \n    at internalConnectMultiple (node:net:1193:18)\n    at afterConnectMultiple (node:net:1783:7)","timestamp":"2026-03-21T20:04:28.095Z"}
{"code":"ECONNREFUSED","level":"error","message":"Redis connection error:","service":"doctor-service","stack":"AggregateError [ECONNREFUSED]: \n    at internalConnectMultiple (node:net:1193:18)\n    at afterConnectMultiple (node:net:1783:7)","timestamp":"2026-03-21T20:04:30.108Z"}
{"code":"ECONNREFUSED","level":"error","message":"Redis connection error:","service":"doctor-service","stack":"AggregateError [ECONNREFUSED]: \n    at internalConnectMultiple (node:net:1193:18)\n    at afterConnectMultiple (node:net:1783:7)","timestamp":"2026-03-21T20:04:32.112Z"}
{"code":"ECONNREFUSED","level":"error","message":"Redis connection error:","service":"doctor-service","stack":"AggregateError [ECONNREFUSED]: \n    at internalConnectMultiple (node:net:1193:18)\n    at afterConnectMultiple (node:net:1783:7)","timestamp":"2026-03-21T20:04:34.117Z"}
{"code":"ECONNREFUSED","level":"error","message":"Redis connection error:","service":"doctor-service","stack":"AggregateError [ECONNREFUSED]: \n    at internalConnectMultiple (node:net:1193:18)\n    at afterConnectMultiple (node:net:1783:7)","timestamp":"2026-03-21T20:04:36.132Z"}
{"code":"ECONNREFUSED","level":"error","message":"Redis connection error:","service":"doctor-service","stack":"AggregateError [ECONNREFUSED]: \n    at internalConnectMultiple (node:net:1193:18)\n    at afterConnectMultiple (node:net:1783:7)","timestamp":"2026-03-21T20:04:38.143Z"}
{"code":"ECONNREFUSED","level":"error","message":"Redis connection error:","service":"doctor-service","stack":"AggregateError [ECONNREFUSED]: \n    at internalConnectMultiple (node:net:1193:18)\n    at afterConnectMultiple (node:net:1783:7)","timestamp":"2026-03-21T20:04:40.154Z"}
{"code":"ECONNREFUSED","level":"error","message":"Redis connection error:","service":"doctor-service","stack":"AggregateError [ECONNREFUSED]: \n    at internalConnectMultiple (node:net:1193:18)\n    at afterConnectMultiple (node:net:1783:7)","timestamp":"2026-03-21T20:04:42.169Z"}
{"level":"info","message":"Doctor Service connected to MongoDB","service":"doctor-service","timestamp":"2026-03-21T20:12:23.103Z"}
{"code":"ECONNREFUSED","level":"error","message":"RabbitMQ connection error:","service":"doctor-service","stack":"AggregateError [ECONNREFUSED]: \n    at internalConnectMultiple (node:net:1193:18)\n    at afterConnectMultiple (node:net:1783:7)","timestamp":"2026-03-21T20:12:23.124Z"}
{"level":"info","message":"Doctor Service running on port 3002","service":"doctor-service","timestamp":"2026-03-21T20:12:23.130Z"}
{"level":"info","message":"Doctor Service connected to MongoDB","service":"doctor-service","timestamp":"2026-03-21T20:14:37.819Z"}
{"code":"ECONNREFUSED","level":"error","message":"RabbitMQ connection error:","service":"doctor-service","stack":"AggregateError [ECONNREFUSED]: \n    at internalConnectMultiple (node:net:1193:18)\n    at afterConnectMultiple (node:net:1783:7)","timestamp":"2026-03-21T20:14:37.838Z"}
{"level":"info","message":"Doctor Service running on port 3002","service":"doctor-service","timestamp":"2026-03-21T20:14:37.841Z"}
{"level":"info","message":"Doctor Service connected to MongoDB","service":"doctor-service","timestamp":"2026-03-21T20:30:09.832Z"}
{"code":"ECONNREFUSED","level":"error","message":"RabbitMQ connection error:","service":"doctor-service","stack":"AggregateError [ECONNREFUSED]: \n    at internalConnectMultiple (node:net:1193:18)\n    at afterConnectMultiple (node:net:1783:7)","timestamp":"2026-03-21T20:30:09.862Z"}
{"level":"info","message":"Doctor Service running on port 3002","service":"doctor-service","timestamp":"2026-03-21T20:30:09.866Z"}
{"level":"info","message":"Doctor Service connected to MongoDB","service":"doctor-service","timestamp":"2026-03-24T14:18:42.041Z"}
{"code":"ECONNREFUSED","level":"error","message":"RabbitMQ connection error:","service":"doctor-service","stack":"AggregateError [ECONNREFUSED]: \n    at internalConnectMultiple (node:net:1193:18)\n    at afterConnectMultiple (node:net:1783:7)","timestamp":"2026-03-24T14:18:42.068Z"}
{"level":"info","message":"Doctor Service running on port 3002","service":"doctor-service","timestamp":"2026-03-24T14:18:42.074Z"}
{"level":"info","message":"Doctor Service connected to MongoDB","service":"doctor-service","timestamp":"2026-03-24T18:38:28.576Z"}
{"code":"ECONNREFUSED","level":"error","message":"RabbitMQ connection error:","service":"doctor-service","stack":"AggregateError [ECONNREFUSED]: \n    at internalConnectMultiple (node:net:1193:18)\n    at afterConnectMultiple (node:net:1783:7)","timestamp":"2026-03-24T18:38:28.621Z"}
{"level":"info","message":"Doctor Service running on port 3002","service":"doctor-service","timestamp":"2026-03-24T18:38:28.629Z"}
{"level":"info","message":"Doctor Service connected to MongoDB","service":"doctor-service","timestamp":"2026-03-25T07:07:59.057Z"}
{"code":"ECONNREFUSED","level":"error","message":"RabbitMQ connection error:","service":"doctor-service","stack":"AggregateError [ECONNREFUSED]: \n    at internalConnectMultiple (node:net:1193:18)\n    at afterConnectMultiple (node:net:1783:7)","timestamp":"2026-03-25T07:07:59.073Z"}
{"level":"info","message":"Doctor Service running on port 3002","service":"doctor-service","timestamp":"2026-03-25T07:07:59.076Z"}
{"level":"info","message":"Doctor Service connected to MongoDB","service":"doctor-service","timestamp":"2026-03-25T07:14:20.027Z"}
{"level":"info","message":"Doctor Service connected to RabbitMQ","service":"doctor-service","timestamp":"2026-03-25T07:14:20.932Z"}
{"level":"info","message":"Doctor Service running on port 3002","service":"doctor-service","timestamp":"2026-03-25T07:14:20.935Z"}
{"level":"info","message":"Doctor Service connected to MongoDB","service":"doctor-service","timestamp":"2026-03-25T07:27:26.524Z"}
{"level":"info","message":"Doctor Service connected to Redis","service":"doctor-service","timestamp":"2026-03-25T07:27:29.226Z"}
{"level":"info","message":"Doctor Service connected to RabbitMQ","service":"doctor-service","timestamp":"2026-03-25T07:27:31.317Z"}
{"level":"info","message":"Doctor Service running on port 3002","service":"doctor-service","timestamp":"2026-03-25T07:27:31.319Z"}
{"level":"info","message":"Doctor list served from cache","service":"doctor-service","timestamp":"2026-03-25T07:36:07.906Z"}
{"level":"info","message":"Doctor list served from cache","service":"doctor-service","timestamp":"2026-03-25T07:36:14.161Z"}
{"level":"info","message":"Doctor list served from cache","service":"doctor-service","timestamp":"2026-03-25T07:36:14.396Z"}
{"level":"info","message":"Doctor list served from cache","service":"doctor-service","timestamp":"2026-03-25T07:36:17.430Z"}
{"level":"info","message":"Doctor list served from cache","service":"doctor-service","timestamp":"2026-03-25T07:36:17.661Z"}
{"level":"info","message":"Doctor list served from cache","service":"doctor-service","timestamp":"2026-03-25T07:36:22.180Z"}
{"level":"info","message":"Doctor list served from cache","service":"doctor-service","timestamp":"2026-03-25T07:36:22.435Z"}
{"level":"info","message":"Doctor list served from cache","service":"doctor-service","timestamp":"2026-03-25T07:36:56.755Z"}
{"level":"info","message":"Doctor list served from cache","service":"doctor-service","timestamp":"2026-03-25T07:36:56.986Z"}
{"level":"info","message":"Doctor list served from cache","service":"doctor-service","timestamp":"2026-03-25T07:40:03.175Z"}
{"level":"info","message":"Doctor list served from cache","service":"doctor-service","timestamp":"2026-03-25T07:40:03.406Z"}
{"level":"info","message":"Doctor list served from cache","service":"doctor-service","timestamp":"2026-03-25T07:40:06.040Z"}
{"level":"info","message":"Doctor list served from cache","service":"doctor-service","timestamp":"2026-03-25T07:40:06.396Z"}
{"level":"info","message":"Doctor list served from cache","service":"doctor-service","timestamp":"2026-03-25T07:40:35.433Z"}
{"level":"info","message":"Doctor list served from cache","service":"doctor-service","timestamp":"2026-03-25T07:40:35.663Z"}
{"level":"info","message":"Doctor list served from cache","service":"doctor-service","timestamp":"2026-03-25T07:41:13.470Z"}
{"level":"info","message":"Doctor list served from cache","service":"doctor-service","timestamp":"2026-03-25T07:41:32.648Z"}
{"level":"info","message":"Doctor list served from cache","service":"doctor-service","timestamp":"2026-03-25T07:41:32.903Z"}
{"level":"info","message":"Doctor list served from cache","service":"doctor-service","timestamp":"2026-03-25T07:41:46.932Z"}
{"level":"info","message":"Doctor list served from cache","service":"doctor-service","timestamp":"2026-03-25T07:41:47.452Z"}
{"level":"info","message":"Doctor Service connected to MongoDB","service":"doctor-service","timestamp":"2026-03-25T07:43:28.651Z"}
{"level":"info","message":"Doctor Service connected to Redis","service":"doctor-service","timestamp":"2026-03-25T07:43:28.774Z"}
{"level":"info","message":"Doctor Service connected to RabbitMQ","service":"doctor-service","timestamp":"2026-03-25T07:43:30.762Z"}
{"level":"info","message":"Doctor Service running on port 3002","service":"doctor-service","timestamp":"2026-03-25T07:43:30.766Z"}
{"level":"info","message":"Doctor Service connected to MongoDB","service":"doctor-service","timestamp":"2026-03-25T07:45:02.261Z"}
{"level":"info","message":"Doctor Service connected to Redis","service":"doctor-service","timestamp":"2026-03-25T07:45:02.414Z"}
{"level":"info","message":"Doctor Service connected to RabbitMQ","service":"doctor-service","timestamp":"2026-03-25T07:45:03.944Z"}
{"level":"info","message":"Doctor Service running on port 3002","service":"doctor-service","timestamp":"2026-03-25T07:45:03.947Z"}
{"level":"info","message":"Doctor list served from cache","service":"doctor-service","timestamp":"2026-03-25T07:45:16.715Z"}
{"level":"info","message":"Doctor list served from cache","service":"doctor-service","timestamp":"2026-03-25T07:45:16.963Z"}
{"level":"info","message":"Doctor Service connected to MongoDB","service":"doctor-service","timestamp":"2026-03-25T07:46:19.208Z"}
{"level":"info","message":"Doctor Service connected to Redis","service":"doctor-service","timestamp":"2026-03-25T07:46:20.055Z"}
{"level":"info","message":"Doctor Service connected to RabbitMQ","service":"doctor-service","timestamp":"2026-03-25T07:46:22.129Z"}
{"level":"info","message":"Doctor Service running on port 3002","service":"doctor-service","timestamp":"2026-03-25T07:46:22.133Z"}
{"level":"info","message":"Doctor list fetched from MongoDB database (Cache Miss)","service":"doctor-service","timestamp":"2026-03-25T07:46:27.624Z"}
{"level":"info","message":"Doctor list served from cache","service":"doctor-service","timestamp":"2026-03-25T07:46:28.057Z"}
{"level":"info","message":"Doctor list served from cache","service":"doctor-service","timestamp":"2026-03-25T07:46:35.049Z"}
{"level":"info","message":"Doctor list served from cache","service":"doctor-service","timestamp":"2026-03-25T07:46:35.269Z"}
{"level":"info","message":"Doctor list served from cache","service":"doctor-service","timestamp":"2026-03-25T07:46:38.575Z"}
{"level":"info","message":"Doctor list served from cache","service":"doctor-service","timestamp":"2026-03-25T07:46:38.801Z"}
{"level":"info","message":"Doctor list fetched from MongoDB database (Cache Miss)","service":"doctor-service","timestamp":"2026-03-25T07:58:52.951Z"}
{"level":"info","message":"Doctor list served from cache","service":"doctor-service","timestamp":"2026-03-25T07:58:53.389Z"}
{"level":"info","message":"Doctor list served from cache","service":"doctor-service","timestamp":"2026-03-25T08:03:01.080Z"}
{"level":"info","message":"Doctor list served from cache","service":"doctor-service","timestamp":"2026-03-25T08:03:01.304Z"}
{"level":"info","message":"Doctor Service connected to MongoDB","service":"doctor-service","timestamp":"2026-03-25T08:09:43.707Z"}
{"level":"info","message":"Doctor Service connected to Redis","service":"doctor-service","timestamp":"2026-03-25T08:09:43.883Z"}
{"level":"info","message":"Doctor Service connected to RabbitMQ","service":"doctor-service","timestamp":"2026-03-25T08:09:45.126Z"}
{"level":"info","message":"Doctor Service running on port 3002","service":"doctor-service","timestamp":"2026-03-25T08:09:45.131Z"}
{"level":"info","message":"Doctor Service connected to MongoDB","service":"doctor-service","timestamp":"2026-03-25T09:10:31.577Z"}
{"level":"info","message":"Doctor Service connected to RabbitMQ","service":"doctor-service","timestamp":"2026-03-25T09:10:46.360Z"}
{"level":"info","message":"Doctor Service running on port 3002","service":"doctor-service","timestamp":"2026-03-25T09:10:46.364Z"}
{"level":"info","message":"Doctor Service connected to MongoDB","service":"doctor-service","timestamp":"2026-03-25T09:11:54.447Z"}
{"level":"info","message":"Doctor Service connected to RabbitMQ","service":"doctor-service","timestamp":"2026-03-25T09:12:09.619Z"}
{"level":"info","message":"Doctor Service running on port 3002","service":"doctor-service","timestamp":"2026-03-25T09:12:09.624Z"}
{"level":"info","message":"Doctor Service connected to MongoDB","service":"doctor-service","timestamp":"2026-03-25T09:12:53.469Z"}
{"level":"info","message":"Doctor Service connected to RabbitMQ","service":"doctor-service","timestamp":"2026-03-25T09:13:05.917Z"}
{"level":"info","message":"Doctor Service running on port 3002","service":"doctor-service","timestamp":"2026-03-25T09:13:05.921Z"}
{"code":"ECONNRESET","errno":-4077,"level":"error","message":"RabbitMQ error: read ECONNRESET","service":"doctor-service","stack":"Error: read ECONNRESET\n    at TLSWrap.onStreamRead (node:internal/stream_base_commons:216:20)","syscall":"read","timestamp":"2026-03-25T09:29:24.750Z"}
{"level":"warn","message":"RabbitMQ closed. Reconnecting...","service":"doctor-service","timestamp":"2026-03-25T09:29:24.756Z"}
{"code":"ENOTFOUND","errno":-3008,"hostname":"puffin.rmq2.cloudamqp.com","level":"error","message":"RabbitMQ connection error: getaddrinfo ENOTFOUND puffin.rmq2.cloudamqp.com","service":"doctor-service","stack":"Error: getaddrinfo ENOTFOUND puffin.rmq2.cloudamqp.com\n    at GetAddrInfoReqWrap.onlookupall [as oncomplete] (node:dns:121:26)","syscall":"getaddrinfo","timestamp":"2026-03-25T09:29:41.826Z"}
{"level":"info","message":"Doctor Service connected to MongoDB","service":"doctor-service","timestamp":"2026-03-25T09:37:36.310Z"}
{"level":"info","message":"Doctor Service connected to MongoDB","service":"doctor-service","timestamp":"2026-03-25T16:44:40.690Z"}
{"level":"info","message":"Doctor Service connected to Redis","service":"doctor-service","timestamp":"2026-03-25T16:44:40.823Z"}
{"level":"info","message":"Doctor Service connected to RabbitMQ","service":"doctor-service","timestamp":"2026-03-25T16:44:42.317Z"}
{"level":"info","message":"Doctor Service running on port 3002","service":"doctor-service","timestamp":"2026-03-25T16:44:42.329Z"}
{"level":"info","message":"Doctor list fetched from MongoDB database (Cache Miss)","service":"doctor-service","timestamp":"2026-03-25T17:30:04.790Z"}
{"level":"info","message":"Doctor list served from cache","service":"doctor-service","timestamp":"2026-03-25T17:30:05.266Z"}
{"level":"info","message":"Doctor list served from cache","service":"doctor-service","timestamp":"2026-03-25T17:32:41.820Z"}
{"level":"info","message":"Doctor list served from cache","service":"doctor-service","timestamp":"2026-03-25T17:32:42.062Z"}
{"level":"info","message":"Doctor list served from cache","service":"doctor-service","timestamp":"2026-03-25T17:32:52.195Z"}
{"level":"info","message":"Doctor list served from cache","service":"doctor-service","timestamp":"2026-03-25T17:32:52.434Z"}
{"level":"info","message":"Doctor list served from cache","service":"doctor-service","timestamp":"2026-03-25T17:33:05.435Z"}
{"level":"info","message":"Doctor list served from cache","service":"doctor-service","timestamp":"2026-03-25T17:33:05.676Z"}
{"level":"info","message":"Doctor list served from cache","service":"doctor-service","timestamp":"2026-03-25T17:33:28.103Z"}
{"level":"info","message":"Doctor list served from cache","service":"doctor-service","timestamp":"2026-03-25T17:33:28.343Z"}
{"level":"info","message":"Doctor list served from cache","service":"doctor-service","timestamp":"2026-03-25T17:34:18.213Z"}
{"level":"info","message":"Doctor list served from cache","service":"doctor-service","timestamp":"2026-03-25T17:34:18.453Z"}
{"level":"info","message":"Doctor list fetched from MongoDB database (Cache Miss)","service":"doctor-service","timestamp":"2026-03-25T17:36:34.923Z"}
{"level":"info","message":"Doctor list served from cache","service":"doctor-service","timestamp":"2026-03-25T17:36:35.362Z"}
{"level":"info","message":"Doctor Service connected to MongoDB","service":"doctor-service","timestamp":"2026-03-25T18:09:45.869Z"}
{"level":"info","message":"Doctor Service connected to Redis","service":"doctor-service","timestamp":"2026-03-25T18:09:46.027Z"}
{"level":"info","message":"Doctor Service connected to RabbitMQ","service":"doctor-service","timestamp":"2026-03-25T18:09:47.423Z"}
{"level":"info","message":"Doctor Service running on port 3002","service":"doctor-service","timestamp":"2026-03-25T18:09:47.426Z"}
{"level":"info","message":"Doctor Service connected to MongoDB","service":"doctor-service","timestamp":"2026-03-28T07:57:25.652Z"}
{"level":"info","message":"Doctor Service connected to Redis","service":"doctor-service","timestamp":"2026-03-28T07:57:25.773Z"}
{"level":"info","message":"Doctor Service connected to RabbitMQ","service":"doctor-service","timestamp":"2026-03-28T07:57:27.060Z"}
{"level":"info","message":"Doctor Service running on port 3002","service":"doctor-service","timestamp":"2026-03-28T07:57:27.062Z"}
{"level":"info","message":"Doctor list fetched from MongoDB database (Cache Miss)","service":"doctor-service","timestamp":"2026-03-28T07:59:28.699Z"}
{"level":"info","message":"Doctor list served from cache","service":"doctor-service","timestamp":"2026-03-28T07:59:29.150Z"}
{"level":"info","message":"Doctor list fetched from MongoDB database (Cache Miss)","service":"doctor-service","timestamp":"2026-03-28T08:30:46.668Z"}
{"level":"info","message":"Doctor list served from cache","service":"doctor-service","timestamp":"2026-03-28T08:30:47.143Z"}
{"code":"ECONNRESET","errno":-4077,"level":"error","message":"RabbitMQ error: read ECONNRESET","service":"doctor-service","stack":"Error: read ECONNRESET\n    at TLSWrap.onStreamRead (node:internal/stream_base_commons:216:20)","syscall":"read","timestamp":"2026-03-28T08:33:40.892Z"}
{"level":"warn","message":"RabbitMQ closed. Reconnecting...","service":"doctor-service","timestamp":"2026-03-28T08:33:40.956Z"}
{"code":"ECONNRESET","errno":-4077,"level":"error","message":"RabbitMQ connection error: read ECONNRESET","service":"doctor-service","stack":"Error: read ECONNRESET\n    at TLSWrap.onStreamRead (node:internal/stream_base_commons:216:20)","syscall":"read","timestamp":"2026-03-28T08:34:28.398Z"}
{"level":"info","message":"Doctor Service connected to MongoDB","service":"doctor-service","timestamp":"2026-03-28T09:16:37.803Z"}
{"level":"info","message":"Doctor Service connected to Redis","service":"doctor-service","timestamp":"2026-03-28T09:16:37.903Z"}
{"level":"info","message":"Doctor Service connected to RabbitMQ","service":"doctor-service","timestamp":"2026-03-28T09:16:39.255Z"}
{"level":"info","message":"Doctor Service running on port 3002","service":"doctor-service","timestamp":"2026-03-28T09:16:39.261Z"}
{"level":"info","message":"Doctor Service connected to MongoDB","service":"doctor-service","timestamp":"2026-04-03T21:48:38.465Z"}
{"level":"info","message":"Doctor Service connected to Redis","service":"doctor-service","timestamp":"2026-04-03T21:48:38.588Z"}
{"code":"ECONNREFUSED","level":"error","message":"RabbitMQ connection error:","service":"doctor-service","stack":"AggregateError [ECONNREFUSED]: \n    at internalConnectMultiple (node:net:1134:18)\n    at afterConnectMultiple (node:net:1715:7)","timestamp":"2026-04-03T21:48:38.700Z"}
{"level":"info","message":"Doctor Service running on port 3002","service":"doctor-service","timestamp":"2026-04-03T21:48:38.722Z"}
{"level":"info","message":"Doctor Service connected to MongoDB","service":"doctor-service","timestamp":"2026-04-03T21:59:23.966Z"}
{"level":"info","message":"Doctor Service connected to Redis","service":"doctor-service","timestamp":"2026-04-03T21:59:24.050Z"}
{"level":"error","message":"RabbitMQ connection error: Handshake terminated by server: 403 (ACCESS-REFUSED) with message \"ACCESS_REFUSED - Login was refused using authentication mechanism PLAIN. For details see the broker logfile.\"","service":"doctor-service","stack":"Error: Handshake terminated by server: 403 (ACCESS-REFUSED) with message \"ACCESS_REFUSED - Login was refused using authentication mechanism PLAIN. For details see the broker logfile.\"\n    at afterStartOk (D:\\2nd Sem Full Stack and System Project\\Doc_Patient_Mgmt\\services\\doctor-service\\node_modules\\amqplib\\lib\\connection.js:169:16)\n    at D:\\2nd Sem Full Stack and System Project\\Doc_Patient_Mgmt\\services\\doctor-service\\node_modules\\amqplib\\lib\\connection.js:104:11\n    at Socket.recv (D:\\2nd Sem Full Stack and System Project\\Doc_Patient_Mgmt\\services\\doctor-service\\node_modules\\amqplib\\lib\\connection.js:453:9)\n    at Object.onceWrapper (node:events:633:28)\n    at Socket.emit (node:events:519:28)\n    at emitReadable_ (node:internal/streams/readable:834:12)\n    at process.processTicksAndRejections (node:internal/process/task_queues:88:21)","timestamp":"2026-04-03T21:59:27.990Z"}
{"level":"info","message":"Doctor Service running on port 3002","service":"doctor-service","timestamp":"2026-04-03T21:59:28.014Z"}
{"code":13,"codeName":"Unauthorized","errorLabelSet":{},"errorResponse":{"code":13,"codeName":"Unauthorized","errmsg":"Command aggregate requires authentication","ok":0},"level":"error","message":"Get unverified doctors error: Command aggregate requires authentication","ok":0,"service":"doctor-service","stack":"MongoServerError: Command aggregate requires authentication\n    at Connection.sendCommand (D:\\2nd Sem Full Stack and System Project\\Doc_Patient_Mgmt\\services\\doctor-service\\node_modules\\mongodb\\lib\\cmap\\connection.js:306:27)\n    at process.processTicksAndRejections (node:internal/process/task_queues:103:5)\n    at async Connection.command (D:\\2nd Sem Full Stack and System Project\\Doc_Patient_Mgmt\\services\\doctor-service\\node_modules\\mongodb\\lib\\cmap\\connection.js:334:26)\n    at async Server.command (D:\\2nd Sem Full Stack and System Project\\Doc_Patient_Mgmt\\services\\doctor-service\\node_modules\\mongodb\\lib\\sdam\\server.js:194:29)\n    at async tryOperation (D:\\2nd Sem Full Stack and System Project\\Doc_Patient_Mgmt\\services\\doctor-service\\node_modules\\mongodb\\lib\\operations\\execute_operation.js:213:32)\n    at async executeOperation (D:\\2nd Sem Full Stack and System Project\\Doc_Patient_Mgmt\\services\\doctor-service\\node_modules\\mongodb\\lib\\operations\\execute_operation.js:78:16)\n    at async AggregationCursor._initialize (D:\\2nd Sem Full Stack and System Project\\Doc_Patient_Mgmt\\services\\doctor-service\\node_modules\\mongodb\\lib\\cursor\\aggregation_cursor.js:57:26)\n    at async AggregationCursor.cursorInit (D:\\2nd Sem Full Stack and System Project\\Doc_Patient_Mgmt\\services\\doctor-service\\node_modules\\mongodb\\lib\\cursor\\abstract_cursor.js:632:27)\n    at async AggregationCursor.fetchBatch (D:\\2nd Sem Full Stack and System Project\\Doc_Patient_Mgmt\\services\\doctor-service\\node_modules\\mongodb\\lib\\cursor\\abstract_cursor.js:666:13)\n    at async AggregationCursor.next (D:\\2nd Sem Full Stack and System Project\\Doc_Patient_Mgmt\\services\\doctor-service\\node_modules\\mongodb\\lib\\cursor\\abstract_cursor.js:342:17)","timestamp":"2026-04-03T21:59:35.402Z"}
{"code":13,"codeName":"Unauthorized","errorLabelSet":{},"errorResponse":{"code":13,"codeName":"Unauthorized","errmsg":"Command find requires authentication","ok":0},"level":"error","message":"Get unverified doctors error: Command find requires authentication","ok":0,"service":"doctor-service","stack":"MongoServerError: Command find requires authentication\n    at Connection.sendCommand (D:\\2nd Sem Full Stack and System Project\\Doc_Patient_Mgmt\\services\\doctor-service\\node_modules\\mongodb\\lib\\cmap\\connection.js:306:27)\n    at process.processTicksAndRejections (node:internal/process/task_queues:103:5)\n    at async Connection.command (D:\\2nd Sem Full Stack and System Project\\Doc_Patient_Mgmt\\services\\doctor-service\\node_modules\\mongodb\\lib\\cmap\\connection.js:334:26)\n    at async Server.command (D:\\2nd Sem Full Stack and System Project\\Doc_Patient_Mgmt\\services\\doctor-service\\node_modules\\mongodb\\lib\\sdam\\server.js:194:29)\n    at async tryOperation (D:\\2nd Sem Full Stack and System Project\\Doc_Patient_Mgmt\\services\\doctor-service\\node_modules\\mongodb\\lib\\operations\\execute_operation.js:213:32)\n    at async executeOperation (D:\\2nd Sem Full Stack and System Project\\Doc_Patient_Mgmt\\services\\doctor-service\\node_modules\\mongodb\\lib\\operations\\execute_operation.js:78:16)\n    at async FindCursor._initialize (D:\\2nd Sem Full Stack and System Project\\Doc_Patient_Mgmt\\services\\doctor-service\\node_modules\\mongodb\\lib\\cursor\\find_cursor.js:62:26)\n    at async FindCursor.cursorInit (D:\\2nd Sem Full Stack and System Project\\Doc_Patient_Mgmt\\services\\doctor-service\\node_modules\\mongodb\\lib\\cursor\\abstract_cursor.js:632:27)\n    at async FindCursor.fetchBatch (D:\\2nd Sem Full Stack and System Project\\Doc_Patient_Mgmt\\services\\doctor-service\\node_modules\\mongodb\\lib\\cursor\\abstract_cursor.js:666:13)\n    at async FindCursor.next (D:\\2nd Sem Full Stack and System Project\\Doc_Patient_Mgmt\\services\\doctor-service\\node_modules\\mongodb\\lib\\cursor\\abstract_cursor.js:342:17)","timestamp":"2026-04-03T21:59:35.530Z"}
{"level":"info","message":"Doctor Service connected to MongoDB","service":"doctor-service","timestamp":"2026-04-03T22:07:10.154Z"}
{"level":"info","message":"Doctor Service connected to Redis","service":"doctor-service","timestamp":"2026-04-03T22:07:10.208Z"}
{"level":"error","message":"RabbitMQ connection error: Handshake terminated by server: 403 (ACCESS-REFUSED) with message \"ACCESS_REFUSED - Login was refused using authentication mechanism PLAIN. For details see the broker logfile.\"","service":"doctor-service","stack":"Error: Handshake terminated by server: 403 (ACCESS-REFUSED) with message \"ACCESS_REFUSED - Login was refused using authentication mechanism PLAIN. For details see the broker logfile.\"\n    at afterStartOk (D:\\2nd Sem Full Stack and System Project\\Doc_Patient_Mgmt\\services\\doctor-service\\node_modules\\amqplib\\lib\\connection.js:169:16)\n    at D:\\2nd Sem Full Stack and System Project\\Doc_Patient_Mgmt\\services\\doctor-service\\node_modules\\amqplib\\lib\\connection.js:104:11\n    at Socket.recv (D:\\2nd Sem Full Stack and System Project\\Doc_Patient_Mgmt\\services\\doctor-service\\node_modules\\amqplib\\lib\\connection.js:453:9)\n    at Object.onceWrapper (node:events:633:28)\n    at Socket.emit (node:events:519:28)\n    at emitReadable_ (node:internal/streams/readable:834:12)\n    at process.processTicksAndRejections (node:internal/process/task_queues:88:21)","timestamp":"2026-04-03T22:07:10.469Z"}
{"level":"info","message":"Doctor Service running on port 3002","service":"doctor-service","timestamp":"2026-04-03T22:07:10.478Z"}
{"code":13,"codeName":"Unauthorized","errorLabelSet":{},"errorResponse":{"code":13,"codeName":"Unauthorized","errmsg":"Command find requires authentication","ok":0},"level":"error","message":"Get unverified doctors error: Command find requires authentication","ok":0,"service":"doctor-service","stack":"MongoServerError: Command find requires authentication\n    at Connection.sendCommand (D:\\2nd Sem Full Stack and System Project\\Doc_Patient_Mgmt\\services\\doctor-service\\node_modules\\mongodb\\lib\\cmap\\connection.js:306:27)\n    at process.processTicksAndRejections (node:internal/process/task_queues:103:5)\n    at async Connection.command (D:\\2nd Sem Full Stack and System Project\\Doc_Patient_Mgmt\\services\\doctor-service\\node_modules\\mongodb\\lib\\cmap\\connection.js:334:26)\n    at async Server.command (D:\\2nd Sem Full Stack and System Project\\Doc_Patient_Mgmt\\services\\doctor-service\\node_modules\\mongodb\\lib\\sdam\\server.js:194:29)\n    at async tryOperation (D:\\2nd Sem Full Stack and System Project\\Doc_Patient_Mgmt\\services\\doctor-service\\node_modules\\mongodb\\lib\\operations\\execute_operation.js:213:32)\n    at async executeOperation (D:\\2nd Sem Full Stack and System Project\\Doc_Patient_Mgmt\\services\\doctor-service\\node_modules\\mongodb\\lib\\operations\\execute_operation.js:78:16)\n    at async FindCursor._initialize (D:\\2nd Sem Full Stack and System Project\\Doc_Patient_Mgmt\\services\\doctor-service\\node_modules\\mongodb\\lib\\cursor\\find_cursor.js:62:26)\n    at async FindCursor.cursorInit (D:\\2nd Sem Full Stack and System Project\\Doc_Patient_Mgmt\\services\\doctor-service\\node_modules\\mongodb\\lib\\cursor\\abstract_cursor.js:632:27)\n    at async FindCursor.fetchBatch (D:\\2nd Sem Full Stack and System Project\\Doc_Patient_Mgmt\\services\\doctor-service\\node_modules\\mongodb\\lib\\cursor\\abstract_cursor.js:666:13)\n    at async FindCursor.next (D:\\2nd Sem Full Stack and System Project\\Doc_Patient_Mgmt\\services\\doctor-service\\node_modules\\mongodb\\lib\\cursor\\abstract_cursor.js:342:17)","timestamp":"2026-04-03T22:07:22.037Z"}
{"code":13,"codeName":"Unauthorized","errorLabelSet":{},"errorResponse":{"code":13,"codeName":"Unauthorized","errmsg":"Command find requires authentication","ok":0},"level":"error","message":"Get unverified doctors error: Command find requires authentication","ok":0,"service":"doctor-service","stack":"MongoServerError: Command find requires authentication\n    at Connection.sendCommand (D:\\2nd Sem Full Stack and System Project\\Doc_Patient_Mgmt\\services\\doctor-service\\node_modules\\mongodb\\lib\\cmap\\connection.js:306:27)\n    at process.processTicksAndRejections (node:internal/process/task_queues:103:5)\n    at async Connection.command (D:\\2nd Sem Full Stack and System Project\\Doc_Patient_Mgmt\\services\\doctor-service\\node_modules\\mongodb\\lib\\cmap\\connection.js:334:26)\n    at async Server.command (D:\\2nd Sem Full Stack and System Project\\Doc_Patient_Mgmt\\services\\doctor-service\\node_modules\\mongodb\\lib\\sdam\\server.js:194:29)\n    at async tryOperation (D:\\2nd Sem Full Stack and System Project\\Doc_Patient_Mgmt\\services\\doctor-service\\node_modules\\mongodb\\lib\\operations\\execute_operation.js:213:32)\n    at async executeOperation (D:\\2nd Sem Full Stack and System Project\\Doc_Patient_Mgmt\\services\\doctor-service\\node_modules\\mongodb\\lib\\operations\\execute_operation.js:78:16)\n    at async FindCursor._initialize (D:\\2nd Sem Full Stack and System Project\\Doc_Patient_Mgmt\\services\\doctor-service\\node_modules\\mongodb\\lib\\cursor\\find_cursor.js:62:26)\n    at async FindCursor.cursorInit (D:\\2nd Sem Full Stack and System Project\\Doc_Patient_Mgmt\\services\\doctor-service\\node_modules\\mongodb\\lib\\cursor\\abstract_cursor.js:632:27)\n    at async FindCursor.fetchBatch (D:\\2nd Sem Full Stack and System Project\\Doc_Patient_Mgmt\\services\\doctor-service\\node_modules\\mongodb\\lib\\cursor\\abstract_cursor.js:666:13)\n    at async FindCursor.next (D:\\2nd Sem Full Stack and System Project\\Doc_Patient_Mgmt\\services\\doctor-service\\node_modules\\mongodb\\lib\\cursor\\abstract_cursor.js:342:17)","timestamp":"2026-04-03T22:07:22.131Z"}
{"level":"info","message":"Doctor Service connected to MongoDB","service":"doctor-service","timestamp":"2026-04-03T22:09:14.180Z"}
{"level":"info","message":"Doctor Service connected to Redis","service":"doctor-service","timestamp":"2026-04-03T22:09:14.205Z"}
{"level":"error","message":"RabbitMQ connection error: Handshake terminated by server: 403 (ACCESS-REFUSED) with message \"ACCESS_REFUSED - Login was refused using authentication mechanism PLAIN. For details see the broker logfile.\"","service":"doctor-service","stack":"Error: Handshake terminated by server: 403 (ACCESS-REFUSED) with message \"ACCESS_REFUSED - Login was refused using authentication mechanism PLAIN. For details see the broker logfile.\"\n    at afterStartOk (D:\\2nd Sem Full Stack and System Project\\Doc_Patient_Mgmt\\services\\doctor-service\\node_modules\\amqplib\\lib\\connection.js:169:16)\n    at D:\\2nd Sem Full Stack and System Project\\Doc_Patient_Mgmt\\services\\doctor-service\\node_modules\\amqplib\\lib\\connection.js:104:11\n    at Socket.recv (D:\\2nd Sem Full Stack and System Project\\Doc_Patient_Mgmt\\services\\doctor-service\\node_modules\\amqplib\\lib\\connection.js:453:9)\n    at Object.onceWrapper (node:events:633:28)\n    at Socket.emit (node:events:519:28)\n    at emitReadable_ (node:internal/streams/readable:834:12)\n    at process.processTicksAndRejections (node:internal/process/task_queues:88:21)","timestamp":"2026-04-03T22:09:14.402Z"}
{"level":"info","message":"Doctor Service running on port 3002","service":"doctor-service","timestamp":"2026-04-03T22:09:14.409Z"}
{"code":13,"codeName":"Unauthorized","errorLabelSet":{},"errorResponse":{"code":13,"codeName":"Unauthorized","errmsg":"Command aggregate requires authentication","ok":0},"level":"error","message":"Get unverified doctors error: Command aggregate requires authentication","ok":0,"service":"doctor-service","stack":"MongoServerError: Command aggregate requires authentication\n    at Connection.sendCommand (D:\\2nd Sem Full Stack and System Project\\Doc_Patient_Mgmt\\services\\doctor-service\\node_modules\\mongodb\\lib\\cmap\\connection.js:306:27)\n    at process.processTicksAndRejections (node:internal/process/task_queues:103:5)\n    at async Connection.command (D:\\2nd Sem Full Stack and System Project\\Doc_Patient_Mgmt\\services\\doctor-service\\node_modules\\mongodb\\lib\\cmap\\connection.js:334:26)\n    at async Server.command (D:\\2nd Sem Full Stack and System Project\\Doc_Patient_Mgmt\\services\\doctor-service\\node_modules\\mongodb\\lib\\sdam\\server.js:194:29)\n    at async tryOperation (D:\\2nd Sem Full Stack and System Project\\Doc_Patient_Mgmt\\services\\doctor-service\\node_modules\\mongodb\\lib\\operations\\execute_operation.js:213:32)\n    at async executeOperation (D:\\2nd Sem Full Stack and System Project\\Doc_Patient_Mgmt\\services\\doctor-service\\node_modules\\mongodb\\lib\\operations\\execute_operation.js:78:16)\n    at async AggregationCursor._initialize (D:\\2nd Sem Full Stack and System Project\\Doc_Patient_Mgmt\\services\\doctor-service\\node_modules\\mongodb\\lib\\cursor\\aggregation_cursor.js:57:26)\n    at async AggregationCursor.cursorInit (D:\\2nd Sem Full Stack and System Project\\Doc_Patient_Mgmt\\services\\doctor-service\\node_modules\\mongodb\\lib\\cursor\\abstract_cursor.js:632:27)\n    at async AggregationCursor.fetchBatch (D:\\2nd Sem Full Stack and System Project\\Doc_Patient_Mgmt\\services\\doctor-service\\node_modules\\mongodb\\lib\\cursor\\abstract_cursor.js:666:13)\n    at async AggregationCursor.next (D:\\2nd Sem Full Stack and System Project\\Doc_Patient_Mgmt\\services\\doctor-service\\node_modules\\mongodb\\lib\\cursor\\abstract_cursor.js:342:17)","timestamp":"2026-04-03T22:09:22.993Z"}
{"code":13,"codeName":"Unauthorized","errorLabelSet":{},"errorResponse":{"code":13,"codeName":"Unauthorized","errmsg":"Command find requires authentication","ok":0},"level":"error","message":"Get unverified doctors error: Command find requires authentication","ok":0,"service":"doctor-service","stack":"MongoServerError: Command find requires authentication\n    at Connection.sendCommand (D:\\2nd Sem Full Stack and System Project\\Doc_Patient_Mgmt\\services\\doctor-service\\node_modules\\mongodb\\lib\\cmap\\connection.js:306:27)\n    at process.processTicksAndRejections (node:internal/process/task_queues:103:5)\n    at async Connection.command (D:\\2nd Sem Full Stack and System Project\\Doc_Patient_Mgmt\\services\\doctor-service\\node_modules\\mongodb\\lib\\cmap\\connection.js:334:26)\n    at async Server.command (D:\\2nd Sem Full Stack and System Project\\Doc_Patient_Mgmt\\services\\doctor-service\\node_modules\\mongodb\\lib\\sdam\\server.js:194:29)\n    at async tryOperation (D:\\2nd Sem Full Stack and System Project\\Doc_Patient_Mgmt\\services\\doctor-service\\node_modules\\mongodb\\lib\\operations\\execute_operation.js:213:32)\n    at async executeOperation (D:\\2nd Sem Full Stack and System Project\\Doc_Patient_Mgmt\\services\\doctor-service\\node_modules\\mongodb\\lib\\operations\\execute_operation.js:78:16)\n    at async FindCursor._initialize (D:\\2nd Sem Full Stack and System Project\\Doc_Patient_Mgmt\\services\\doctor-service\\node_modules\\mongodb\\lib\\cursor\\find_cursor.js:62:26)\n    at async FindCursor.cursorInit (D:\\2nd Sem Full Stack and System Project\\Doc_Patient_Mgmt\\services\\doctor-service\\node_modules\\mongodb\\lib\\cursor\\abstract_cursor.js:632:27)\n    at async FindCursor.fetchBatch (D:\\2nd Sem Full Stack and System Project\\Doc_Patient_Mgmt\\services\\doctor-service\\node_modules\\mongodb\\lib\\cursor\\abstract_cursor.js:666:13)\n    at async FindCursor.next (D:\\2nd Sem Full Stack and System Project\\Doc_Patient_Mgmt\\services\\doctor-service\\node_modules\\mongodb\\lib\\cursor\\abstract_cursor.js:342:17)","timestamp":"2026-04-03T22:09:23.078Z"}
{"code":13,"codeName":"Unauthorized","errorLabelSet":{},"errorResponse":{"code":13,"codeName":"Unauthorized","errmsg":"Command find requires authentication","ok":0},"level":"error","message":"Get doctor error: Command find requires authentication","ok":0,"service":"doctor-service","stack":"MongoServerError: Command find requires authentication\n    at Connection.sendCommand (D:\\2nd Sem Full Stack and System Project\\Doc_Patient_Mgmt\\services\\doctor-service\\node_modules\\mongodb\\lib\\cmap\\connection.js:306:27)\n    at process.processTicksAndRejections (node:internal/process/task_queues:103:5)\n    at async Connection.command (D:\\2nd Sem Full Stack and System Project\\Doc_Patient_Mgmt\\services\\doctor-service\\node_modules\\mongodb\\lib\\cmap\\connection.js:334:26)\n    at async Server.command (D:\\2nd Sem Full Stack and System Project\\Doc_Patient_Mgmt\\services\\doctor-service\\node_modules\\mongodb\\lib\\sdam\\server.js:194:29)\n    at async tryOperation (D:\\2nd Sem Full Stack and System Project\\Doc_Patient_Mgmt\\services\\doctor-service\\node_modules\\mongodb\\lib\\operations\\execute_operation.js:213:32)\n    at async executeOperation (D:\\2nd Sem Full Stack and System Project\\Doc_Patient_Mgmt\\services\\doctor-service\\node_modules\\mongodb\\lib\\operations\\execute_operation.js:78:16)\n    at async FindCursor._initialize (D:\\2nd Sem Full Stack and System Project\\Doc_Patient_Mgmt\\services\\doctor-service\\node_modules\\mongodb\\lib\\cursor\\find_cursor.js:62:26)\n    at async FindCursor.cursorInit (D:\\2nd Sem Full Stack and System Project\\Doc_Patient_Mgmt\\services\\doctor-service\\node_modules\\mongodb\\lib\\cursor\\abstract_cursor.js:632:27)\n    at async FindCursor.fetchBatch (D:\\2nd Sem Full Stack and System Project\\Doc_Patient_Mgmt\\services\\doctor-service\\node_modules\\mongodb\\lib\\cursor\\abstract_cursor.js:666:13)\n    at async FindCursor.next (D:\\2nd Sem Full Stack and System Project\\Doc_Patient_Mgmt\\services\\doctor-service\\node_modules\\mongodb\\lib\\cursor\\abstract_cursor.js:342:17)","timestamp":"2026-04-03T22:10:52.634Z"}
{"code":13,"codeName":"Unauthorized","errorLabelSet":{},"errorResponse":{"code":13,"codeName":"Unauthorized","errmsg":"Command find requires authentication","ok":0},"level":"error","message":"Get doctor error: Command find requires authentication","ok":0,"service":"doctor-service","stack":"MongoServerError: Command find requires authentication\n    at Connection.sendCommand (D:\\2nd Sem Full Stack and System Project\\Doc_Patient_Mgmt\\services\\doctor-service\\node_modules\\mongodb\\lib\\cmap\\connection.js:306:27)\n    at process.processTicksAndRejections (node:internal/process/task_queues:103:5)\n    at async Connection.command (D:\\2nd Sem Full Stack and System Project\\Doc_Patient_Mgmt\\services\\doctor-service\\node_modules\\mongodb\\lib\\cmap\\connection.js:334:26)\n    at async Server.command (D:\\2nd Sem Full Stack and System Project\\Doc_Patient_Mgmt\\services\\doctor-service\\node_modules\\mongodb\\lib\\sdam\\server.js:194:29)\n    at async tryOperation (D:\\2nd Sem Full Stack and System Project\\Doc_Patient_Mgmt\\services\\doctor-service\\node_modules\\mongodb\\lib\\operations\\execute_operation.js:213:32)\n    at async executeOperation (D:\\2nd Sem Full Stack and System Project\\Doc_Patient_Mgmt\\services\\doctor-service\\node_modules\\mongodb\\lib\\operations\\execute_operation.js:78:16)\n    at async FindCursor._initialize (D:\\2nd Sem Full Stack and System Project\\Doc_Patient_Mgmt\\services\\doctor-service\\node_modules\\mongodb\\lib\\cursor\\find_cursor.js:62:26)\n    at async FindCursor.cursorInit (D:\\2nd Sem Full Stack and System Project\\Doc_Patient_Mgmt\\services\\doctor-service\\node_modules\\mongodb\\lib\\cursor\\abstract_cursor.js:632:27)\n    at async FindCursor.fetchBatch (D:\\2nd Sem Full Stack and System Project\\Doc_Patient_Mgmt\\services\\doctor-service\\node_modules\\mongodb\\lib\\cursor\\abstract_cursor.js:666:13)\n    at async FindCursor.next (D:\\2nd Sem Full Stack and System Project\\Doc_Patient_Mgmt\\services\\doctor-service\\node_modules\\mongodb\\lib\\cursor\\abstract_cursor.js:342:17)","timestamp":"2026-04-03T22:10:52.712Z"}
{"code":13,"codeName":"Unauthorized","errorLabelSet":{},"errorResponse":{"code":13,"codeName":"Unauthorized","errmsg":"Command find requires authentication","ok":0},"level":"error","message":"Get doctor error: Command find requires authentication","ok":0,"service":"doctor-service","stack":"MongoServerError: Command find requires authentication\n    at Connection.sendCommand (D:\\2nd Sem Full Stack and System Project\\Doc_Patient_Mgmt\\services\\doctor-service\\node_modules\\mongodb\\lib\\cmap\\connection.js:306:27)\n    at process.processTicksAndRejections (node:internal/process/task_queues:103:5)\n    at async Connection.command (D:\\2nd Sem Full Stack and System Project\\Doc_Patient_Mgmt\\services\\doctor-service\\node_modules\\mongodb\\lib\\cmap\\connection.js:334:26)\n    at async Server.command (D:\\2nd Sem Full Stack and System Project\\Doc_Patient_Mgmt\\services\\doctor-service\\node_modules\\mongodb\\lib\\sdam\\server.js:194:29)\n    at async tryOperation (D:\\2nd Sem Full Stack and System Project\\Doc_Patient_Mgmt\\services\\doctor-service\\node_modules\\mongodb\\lib\\operations\\execute_operation.js:213:32)\n    at async executeOperation (D:\\2nd Sem Full Stack and System Project\\Doc_Patient_Mgmt\\services\\doctor-service\\node_modules\\mongodb\\lib\\operations\\execute_operation.js:78:16)\n    at async FindCursor._initialize (D:\\2nd Sem Full Stack and System Project\\Doc_Patient_Mgmt\\services\\doctor-service\\node_modules\\mongodb\\lib\\cursor\\find_cursor.js:62:26)\n    at async FindCursor.cursorInit (D:\\2nd Sem Full Stack and System Project\\Doc_Patient_Mgmt\\services\\doctor-service\\node_modules\\mongodb\\lib\\cursor\\abstract_cursor.js:632:27)\n    at async FindCursor.fetchBatch (D:\\2nd Sem Full Stack and System Project\\Doc_Patient_Mgmt\\services\\doctor-service\\node_modules\\mongodb\\lib\\cursor\\abstract_cursor.js:666:13)\n    at async FindCursor.next (D:\\2nd Sem Full Stack and System Project\\Doc_Patient_Mgmt\\services\\doctor-service\\node_modules\\mongodb\\lib\\cursor\\abstract_cursor.js:342:17)","timestamp":"2026-04-03T22:10:55.775Z"}
{"code":13,"codeName":"Unauthorized","errorLabelSet":{},"errorResponse":{"code":13,"codeName":"Unauthorized","errmsg":"Command find requires authentication","ok":0},"level":"error","message":"Get doctor error: Command find requires authentication","ok":0,"service":"doctor-service","stack":"MongoServerError: Command find requires authentication\n    at Connection.sendCommand (D:\\2nd Sem Full Stack and System Project\\Doc_Patient_Mgmt\\services\\doctor-service\\node_modules\\mongodb\\lib\\cmap\\connection.js:306:27)\n    at process.processTicksAndRejections (node:internal/process/task_queues:103:5)\n    at async Connection.command (D:\\2nd Sem Full Stack and System Project\\Doc_Patient_Mgmt\\services\\doctor-service\\node_modules\\mongodb\\lib\\cmap\\connection.js:334:26)\n    at async Server.command (D:\\2nd Sem Full Stack and System Project\\Doc_Patient_Mgmt\\services\\doctor-service\\node_modules\\mongodb\\lib\\sdam\\server.js:194:29)\n    at async tryOperation (D:\\2nd Sem Full Stack and System Project\\Doc_Patient_Mgmt\\services\\doctor-service\\node_modules\\mongodb\\lib\\operations\\execute_operation.js:213:32)\n    at async executeOperation (D:\\2nd Sem Full Stack and System Project\\Doc_Patient_Mgmt\\services\\doctor-service\\node_modules\\mongodb\\lib\\operations\\execute_operation.js:78:16)\n    at async FindCursor._initialize (D:\\2nd Sem Full Stack and System Project\\Doc_Patient_Mgmt\\services\\doctor-service\\node_modules\\mongodb\\lib\\cursor\\find_cursor.js:62:26)\n    at async FindCursor.cursorInit (D:\\2nd Sem Full Stack and System Project\\Doc_Patient_Mgmt\\services\\doctor-service\\node_modules\\mongodb\\lib\\cursor\\abstract_cursor.js:632:27)\n    at async FindCursor.fetchBatch (D:\\2nd Sem Full Stack and System Project\\Doc_Patient_Mgmt\\services\\doctor-service\\node_modules\\mongodb\\lib\\cursor\\abstract_cursor.js:666:13)\n    at async FindCursor.next (D:\\2nd Sem Full Stack and System Project\\Doc_Patient_Mgmt\\services\\doctor-service\\node_modules\\mongodb\\lib\\cursor\\abstract_cursor.js:342:17)","timestamp":"2026-04-03T22:10:55.820Z"}
{"code":13,"codeName":"Unauthorized","errorLabelSet":{},"errorResponse":{"code":13,"codeName":"Unauthorized","errmsg":"Command aggregate requires authentication","ok":0},"level":"error","message":"Get doctors error: Command aggregate requires authentication","ok":0,"service":"doctor-service","stack":"MongoServerError: Command aggregate requires authentication\n    at Connection.sendCommand (D:\\2nd Sem Full Stack and System Project\\Doc_Patient_Mgmt\\services\\doctor-service\\node_modules\\mongodb\\lib\\cmap\\connection.js:306:27)\n    at process.processTicksAndRejections (node:internal/process/task_queues:103:5)\n    at async Connection.command (D:\\2nd Sem Full Stack and System Project\\Doc_Patient_Mgmt\\services\\doctor-service\\node_modules\\mongodb\\lib\\cmap\\connection.js:334:26)\n    at async Server.command (D:\\2nd Sem Full Stack and System Project\\Doc_Patient_Mgmt\\services\\doctor-service\\node_modules\\mongodb\\lib\\sdam\\server.js:194:29)\n    at async tryOperation (D:\\2nd Sem Full Stack and System Project\\Doc_Patient_Mgmt\\services\\doctor-service\\node_modules\\mongodb\\lib\\operations\\execute_operation.js:213:32)\n    at async executeOperation (D:\\2nd Sem Full Stack and System Project\\Doc_Patient_Mgmt\\services\\doctor-service\\node_modules\\mongodb\\lib\\operations\\execute_operation.js:78:16)\n    at async AggregationCursor._initialize (D:\\2nd Sem Full Stack and System Project\\Doc_Patient_Mgmt\\services\\doctor-service\\node_modules\\mongodb\\lib\\cursor\\aggregation_cursor.js:57:26)\n    at async AggregationCursor.cursorInit (D:\\2nd Sem Full Stack and System Project\\Doc_Patient_Mgmt\\services\\doctor-service\\node_modules\\mongodb\\lib\\cursor\\abstract_cursor.js:632:27)\n    at async AggregationCursor.fetchBatch (D:\\2nd Sem Full Stack and System Project\\Doc_Patient_Mgmt\\services\\doctor-service\\node_modules\\mongodb\\lib\\cursor\\abstract_cursor.js:666:13)\n    at async AggregationCursor.next (D:\\2nd Sem Full Stack and System Project\\Doc_Patient_Mgmt\\services\\doctor-service\\node_modules\\mongodb\\lib\\cursor\\abstract_cursor.js:342:17)","timestamp":"2026-04-03T22:10:56.973Z"}
{"code":13,"codeName":"Unauthorized","errorLabelSet":{},"errorResponse":{"code":13,"codeName":"Unauthorized","errmsg":"Command aggregate requires authentication","ok":0},"level":"error","message":"Get doctors error: Command aggregate requires authentication","ok":0,"service":"doctor-service","stack":"MongoServerError: Command aggregate requires authentication\n    at Connection.sendCommand (D:\\2nd Sem Full Stack and System Project\\Doc_Patient_Mgmt\\services\\doctor-service\\node_modules\\mongodb\\lib\\cmap\\connection.js:306:27)\n    at process.processTicksAndRejections (node:internal/process/task_queues:103:5)\n    at async Connection.command (D:\\2nd Sem Full Stack and System Project\\Doc_Patient_Mgmt\\services\\doctor-service\\node_modules\\mongodb\\lib\\cmap\\connection.js:334:26)\n    at async Server.command (D:\\2nd Sem Full Stack and System Project\\Doc_Patient_Mgmt\\services\\doctor-service\\node_modules\\mongodb\\lib\\sdam\\server.js:194:29)\n    at async tryOperation (D:\\2nd Sem Full Stack and System Project\\Doc_Patient_Mgmt\\services\\doctor-service\\node_modules\\mongodb\\lib\\operations\\execute_operation.js:213:32)\n    at async executeOperation (D:\\2nd Sem Full Stack and System Project\\Doc_Patient_Mgmt\\services\\doctor-service\\node_modules\\mongodb\\lib\\operations\\execute_operation.js:78:16)\n    at async AggregationCursor._initialize (D:\\2nd Sem Full Stack and System Project\\Doc_Patient_Mgmt\\services\\doctor-service\\node_modules\\mongodb\\lib\\cursor\\aggregation_cursor.js:57:26)\n    at async AggregationCursor.cursorInit (D:\\2nd Sem Full Stack and System Project\\Doc_Patient_Mgmt\\services\\doctor-service\\node_modules\\mongodb\\lib\\cursor\\abstract_cursor.js:632:27)\n    at async AggregationCursor.fetchBatch (D:\\2nd Sem Full Stack and System Project\\Doc_Patient_Mgmt\\services\\doctor-service\\node_modules\\mongodb\\lib\\cursor\\abstract_cursor.js:666:13)\n    at async AggregationCursor.next (D:\\2nd Sem Full Stack and System Project\\Doc_Patient_Mgmt\\services\\doctor-service\\node_modules\\mongodb\\lib\\cursor\\abstract_cursor.js:342:17)","timestamp":"2026-04-03T22:10:57.020Z"}
{"code":13,"codeName":"Unauthorized","errorLabelSet":{},"errorResponse":{"code":13,"codeName":"Unauthorized","errmsg":"Command distinct requires authentication","ok":0},"level":"error","message":"Get specializations error: Command distinct requires authentication","ok":0,"service":"doctor-service","stack":"MongoServerError: Command distinct requires authentication\n    at Connection.sendCommand (D:\\2nd Sem Full Stack and System Project\\Doc_Patient_Mgmt\\services\\doctor-service\\node_modules\\mongodb\\lib\\cmap\\connection.js:306:27)\n    at process.processTicksAndRejections (node:internal/process/task_queues:103:5)\n    at async Connection.command (D:\\2nd Sem Full Stack and System Project\\Doc_Patient_Mgmt\\services\\doctor-service\\node_modules\\mongodb\\lib\\cmap\\connection.js:334:26)\n    at async Server.command (D:\\2nd Sem Full Stack and System Project\\Doc_Patient_Mgmt\\services\\doctor-service\\node_modules\\mongodb\\lib\\sdam\\server.js:194:29)\n    at async tryOperation (D:\\2nd Sem Full Stack and System Project\\Doc_Patient_Mgmt\\services\\doctor-service\\node_modules\\mongodb\\lib\\operations\\execute_operation.js:213:32)\n    at async executeOperation (D:\\2nd Sem Full Stack and System Project\\Doc_Patient_Mgmt\\services\\doctor-service\\node_modules\\mongodb\\lib\\operations\\execute_operation.js:78:16)\n    at async Collection.distinct (D:\\2nd Sem Full Stack and System Project\\Doc_Patient_Mgmt\\services\\doctor-service\\node_modules\\mongodb\\lib\\collection.js:526:16)\n    at async model.Query.exec (D:\\2nd Sem Full Stack and System Project\\Doc_Patient_Mgmt\\services\\doctor-service\\node_modules\\mongoose\\lib\\query.js:4627:63)\n    at async exports.getSpecializations (D:\\2nd Sem Full Stack and System Project\\Doc_Patient_Mgmt\\services\\doctor-service\\src\\controllers\\doctorController.js:207:29)","timestamp":"2026-04-03T22:10:57.090Z"}
{"code":13,"codeName":"Unauthorized","errorLabelSet":{},"errorResponse":{"code":13,"codeName":"Unauthorized","errmsg":"Command distinct requires authentication","ok":0},"level":"error","message":"Get specializations error: Command distinct requires authentication","ok":0,"service":"doctor-service","stack":"MongoServerError: Command distinct requires authentication\n    at Connection.sendCommand (D:\\2nd Sem Full Stack and System Project\\Doc_Patient_Mgmt\\services\\doctor-service\\node_modules\\mongodb\\lib\\cmap\\connection.js:306:27)\n    at process.processTicksAndRejections (node:internal/process/task_queues:103:5)\n    at async Connection.command (D:\\2nd Sem Full Stack and System Project\\Doc_Patient_Mgmt\\services\\doctor-service\\node_modules\\mongodb\\lib\\cmap\\connection.js:334:26)\n    at async Server.command (D:\\2nd Sem Full Stack and System Project\\Doc_Patient_Mgmt\\services\\doctor-service\\node_modules\\mongodb\\lib\\sdam\\server.js:194:29)\n    at async tryOperation (D:\\2nd Sem Full Stack and System Project\\Doc_Patient_Mgmt\\services\\doctor-service\\node_modules\\mongodb\\lib\\operations\\execute_operation.js:213:32)\n    at async executeOperation (D:\\2nd Sem Full Stack and System Project\\Doc_Patient_Mgmt\\services\\doctor-service\\node_modules\\mongodb\\lib\\operations\\execute_operation.js:78:16)\n    at async Collection.distinct (D:\\2nd Sem Full Stack and System Project\\Doc_Patient_Mgmt\\services\\doctor-service\\node_modules\\mongodb\\lib\\collection.js:526:16)\n    at async model.Query.exec (D:\\2nd Sem Full Stack and System Project\\Doc_Patient_Mgmt\\services\\doctor-service\\node_modules\\mongoose\\lib\\query.js:4627:63)\n    at async exports.getSpecializations (D:\\2nd Sem Full Stack and System Project\\Doc_Patient_Mgmt\\services\\doctor-service\\src\\controllers\\doctorController.js:207:29)","timestamp":"2026-04-03T22:10:57.116Z"}
{"code":13,"codeName":"Unauthorized","errorLabelSet":{},"errorResponse":{"code":13,"codeName":"Unauthorized","errmsg":"Command find requires authentication","ok":0},"level":"error","message":"Get doctor by userId error: Command find requires authentication","ok":0,"service":"doctor-service","stack":"MongoServerError: Command find requires authentication\n    at Connection.sendCommand (D:\\2nd Sem Full Stack and System Project\\Doc_Patient_Mgmt\\services\\doctor-service\\node_modules\\mongodb\\lib\\cmap\\connection.js:306:27)\n    at process.processTicksAndRejections (node:internal/process/task_queues:103:5)\n    at async Connection.command (D:\\2nd Sem Full Stack and System Project\\Doc_Patient_Mgmt\\services\\doctor-service\\node_modules\\mongodb\\lib\\cmap\\connection.js:334:26)\n    at async Server.command (D:\\2nd Sem Full Stack and System Project\\Doc_Patient_Mgmt\\services\\doctor-service\\node_modules\\mongodb\\lib\\sdam\\server.js:194:29)\n    at async tryOperation (D:\\2nd Sem Full Stack and System Project\\Doc_Patient_Mgmt\\services\\doctor-service\\node_modules\\mongodb\\lib\\operations\\execute_operation.js:213:32)\n    at async executeOperation (D:\\2nd Sem Full Stack and System Project\\Doc_Patient_Mgmt\\services\\doctor-service\\node_modules\\mongodb\\lib\\operations\\execute_operation.js:78:16)\n    at async FindCursor._initialize (D:\\2nd Sem Full Stack and System Project\\Doc_Patient_Mgmt\\services\\doctor-service\\node_modules\\mongodb\\lib\\cursor\\find_cursor.js:62:26)\n    at async FindCursor.cursorInit (D:\\2nd Sem Full Stack and System Project\\Doc_Patient_Mgmt\\services\\doctor-service\\node_modules\\mongodb\\lib\\cursor\\abstract_cursor.js:632:27)\n    at async FindCursor.fetchBatch (D:\\2nd Sem Full Stack and System Project\\Doc_Patient_Mgmt\\services\\doctor-service\\node_modules\\mongodb\\lib\\cursor\\abstract_cursor.js:666:13)\n    at async FindCursor.next (D:\\2nd Sem Full Stack and System Project\\Doc_Patient_Mgmt\\services\\doctor-service\\node_modules\\mongodb\\lib\\cursor\\abstract_cursor.js:342:17)","timestamp":"2026-04-03T22:11:14.078Z"}
{"code":13,"codeName":"Unauthorized","errorLabelSet":{},"errorResponse":{"code":13,"codeName":"Unauthorized","errmsg":"Command find requires authentication","ok":0},"level":"error","message":"Get doctor by userId error: Command find requires authentication","ok":0,"service":"doctor-service","stack":"MongoServerError: Command find requires authentication\n    at Connection.sendCommand (D:\\2nd Sem Full Stack and System Project\\Doc_Patient_Mgmt\\services\\doctor-service\\node_modules\\mongodb\\lib\\cmap\\connection.js:306:27)\n    at process.processTicksAndRejections (node:internal/process/task_queues:103:5)\n    at async Connection.command (D:\\2nd Sem Full Stack and System Project\\Doc_Patient_Mgmt\\services\\doctor-service\\node_modules\\mongodb\\lib\\cmap\\connection.js:334:26)\n    at async Server.command (D:\\2nd Sem Full Stack and System Project\\Doc_Patient_Mgmt\\services\\doctor-service\\node_modules\\mongodb\\lib\\sdam\\server.js:194:29)\n    at async tryOperation (D:\\2nd Sem Full Stack and System Project\\Doc_Patient_Mgmt\\services\\doctor-service\\node_modules\\mongodb\\lib\\operations\\execute_operation.js:213:32)\n    at async executeOperation (D:\\2nd Sem Full Stack and System Project\\Doc_Patient_Mgmt\\services\\doctor-service\\node_modules\\mongodb\\lib\\operations\\execute_operation.js:78:16)\n    at async FindCursor._initialize (D:\\2nd Sem Full Stack and System Project\\Doc_Patient_Mgmt\\services\\doctor-service\\node_modules\\mongodb\\lib\\cursor\\find_cursor.js:62:26)\n    at async FindCursor.cursorInit (D:\\2nd Sem Full Stack and System Project\\Doc_Patient_Mgmt\\services\\doctor-service\\node_modules\\mongodb\\lib\\cursor\\abstract_cursor.js:632:27)\n    at async FindCursor.fetchBatch (D:\\2nd Sem Full Stack and System Project\\Doc_Patient_Mgmt\\services\\doctor-service\\node_modules\\mongodb\\lib\\cursor\\abstract_cursor.js:666:13)\n    at async FindCursor.next (D:\\2nd Sem Full Stack and System Project\\Doc_Patient_Mgmt\\services\\doctor-service\\node_modules\\mongodb\\lib\\cursor\\abstract_cursor.js:342:17)","timestamp":"2026-04-03T22:11:14.099Z"}
{"code":13,"codeName":"Unauthorized","errorLabelSet":{},"errorResponse":{"code":13,"codeName":"Unauthorized","errmsg":"Command find requires authentication","ok":0},"level":"error","message":"Get doctor by userId error: Command find requires authentication","ok":0,"service":"doctor-service","stack":"MongoServerError: Command find requires authentication\n    at Connection.sendCommand (D:\\2nd Sem Full Stack and System Project\\Doc_Patient_Mgmt\\services\\doctor-service\\node_modules\\mongodb\\lib\\cmap\\connection.js:306:27)\n    at process.processTicksAndRejections (node:internal/process/task_queues:103:5)\n    at async Connection.command (D:\\2nd Sem Full Stack and System Project\\Doc_Patient_Mgmt\\services\\doctor-service\\node_modules\\mongodb\\lib\\cmap\\connection.js:334:26)\n    at async Server.command (D:\\2nd Sem Full Stack and System Project\\Doc_Patient_Mgmt\\services\\doctor-service\\node_modules\\mongodb\\lib\\sdam\\server.js:194:29)\n    at async tryOperation (D:\\2nd Sem Full Stack and System Project\\Doc_Patient_Mgmt\\services\\doctor-service\\node_modules\\mongodb\\lib\\operations\\execute_operation.js:213:32)\n    at async executeOperation (D:\\2nd Sem Full Stack and System Project\\Doc_Patient_Mgmt\\services\\doctor-service\\node_modules\\mongodb\\lib\\operations\\execute_operation.js:78:16)\n    at async FindCursor._initialize (D:\\2nd Sem Full Stack and System Project\\Doc_Patient_Mgmt\\services\\doctor-service\\node_modules\\mongodb\\lib\\cursor\\find_cursor.js:62:26)\n    at async FindCursor.cursorInit (D:\\2nd Sem Full Stack and System Project\\Doc_Patient_Mgmt\\services\\doctor-service\\node_modules\\mongodb\\lib\\cursor\\abstract_cursor.js:632:27)\n    at async FindCursor.fetchBatch (D:\\2nd Sem Full Stack and System Project\\Doc_Patient_Mgmt\\services\\doctor-service\\node_modules\\mongodb\\lib\\cursor\\abstract_cursor.js:666:13)\n    at async FindCursor.next (D:\\2nd Sem Full Stack and System Project\\Doc_Patient_Mgmt\\services\\doctor-service\\node_modules\\mongodb\\lib\\cursor\\abstract_cursor.js:342:17)","timestamp":"2026-04-03T22:11:19.363Z"}
{"code":13,"codeName":"Unauthorized","errorLabelSet":{},"errorResponse":{"code":13,"codeName":"Unauthorized","errmsg":"Command find requires authentication","ok":0},"level":"error","message":"Get doctor by userId error: Command find requires authentication","ok":0,"service":"doctor-service","stack":"MongoServerError: Command find requires authentication\n    at Connection.sendCommand (D:\\2nd Sem Full Stack and System Project\\Doc_Patient_Mgmt\\services\\doctor-service\\node_modules\\mongodb\\lib\\cmap\\connection.js:306:27)\n    at process.processTicksAndRejections (node:internal/process/task_queues:103:5)\n    at async Connection.command (D:\\2nd Sem Full Stack and System Project\\Doc_Patient_Mgmt\\services\\doctor-service\\node_modules\\mongodb\\lib\\cmap\\connection.js:334:26)\n    at async Server.command (D:\\2nd Sem Full Stack and System Project\\Doc_Patient_Mgmt\\services\\doctor-service\\node_modules\\mongodb\\lib\\sdam\\server.js:194:29)\n    at async tryOperation (D:\\2nd Sem Full Stack and System Project\\Doc_Patient_Mgmt\\services\\doctor-service\\node_modules\\mongodb\\lib\\operations\\execute_operation.js:213:32)\n    at async executeOperation (D:\\2nd Sem Full Stack and System Project\\Doc_Patient_Mgmt\\services\\doctor-service\\node_modules\\mongodb\\lib\\operations\\execute_operation.js:78:16)\n    at async FindCursor._initialize (D:\\2nd Sem Full Stack and System Project\\Doc_Patient_Mgmt\\services\\doctor-service\\node_modules\\mongodb\\lib\\cursor\\find_cursor.js:62:26)\n    at async FindCursor.cursorInit (D:\\2nd Sem Full Stack and System Project\\Doc_Patient_Mgmt\\services\\doctor-service\\node_modules\\mongodb\\lib\\cursor\\abstract_cursor.js:632:27)\n    at async FindCursor.fetchBatch (D:\\2nd Sem Full Stack and System Project\\Doc_Patient_Mgmt\\services\\doctor-service\\node_modules\\mongodb\\lib\\cursor\\abstract_cursor.js:666:13)\n    at async FindCursor.next (D:\\2nd Sem Full Stack and System Project\\Doc_Patient_Mgmt\\services\\doctor-service\\node_modules\\mongodb\\lib\\cursor\\abstract_cursor.js:342:17)","timestamp":"2026-04-03T22:11:19.451Z"}
{"code":"ECONNREFUSED","hostname":"_mongodb._tcp.cluster0.982qcmr.mongodb.net","level":"error","message":"MongoDB connection error: querySrv ECONNREFUSED _mongodb._tcp.cluster0.982qcmr.mongodb.net","service":"doctor-service","stack":"Error: querySrv ECONNREFUSED _mongodb._tcp.cluster0.982qcmr.mongodb.net\n    at QueryReqWrap.onresolve [as oncomplete] (node:internal/dns/promises:293:17)","syscall":"querySrv","timestamp":"2026-08-18T20:52:17.510Z"}
